// Jest Snapshot v1, https://goo.gl/fbAQLP

exports[`Home renders a description 1`] = `
<div>
  <div
    class="container-fluid"
  >
    <div
      class="row"
    >
      <div
        class="col-sm-10"
      />
      <div
        class="col-sm-2"
      >
        <div
          class="grid-select-area"
        >
          <div
            class="roundedButton"
          >
            LIST VIEW
          </div>
        </div>
      </div>
    </div>
    <div
      class="row"
    >
      <div
        class="col-sm-2"
      />
      <div
        class="col-sm-8"
      >
        <div
          class="card"
        >
          <form>
            <div
              class="input-section"
            >
              <div
                class="label-line"
              >
                <label
                  for=""
                >
                  First Name
                </label>
              </div>
              <div
                class="textField"
              >
                <div
                  class="error-line"
                />
                <input
                  class="input-control"
                  name="First Name"
                  type="input"
                  value=""
                />
              </div>
            </div>
            <div
              class="input-section"
            >
              <div
                class="label-line"
              >
                <label
                  for=""
                >
                  Last Name
                </label>
              </div>
              <div
                class="textField"
              >
                <div
                  class="error-line"
                />
                <input
                  class="input-control"
                  name="Last Name"
                  type="input"
                  value=""
                />
              </div>
            </div>
            <div
              class="input-section"
            >
              <div
                class="label-line"
              >
                <label
                  for=""
                >
                  Email
                </label>
              </div>
              <div
                class="textField"
              >
                <div
                  class="error-line"
                />
                <input
                  class="input-control"
                  name="Email"
                  type="input"
                  value=""
                />
              </div>
            </div>
            <div
              class="input-section"
            >
              <div
                class="label-line"
              >
                <label
                  for=""
                >
                  Phone
                </label>
              </div>
              <div
                class="textField"
              >
                <div
                  class="error-line"
                />
                <input
                  class="input-control"
                  name="Phone"
                  type="input"
                  value=""
                />
              </div>
            </div>
            <div
              class="input-section"
            >
              <div
                class="label-line"
              >
                <label
                  for=""
                >
                  Gender
                </label>
              </div>
              <div
                class="textField"
              >
                <div
                  class="error-line"
                />
                <select
                  class="input-control"
                  id="Gender"
                  name="Gender"
                  required=""
                >
                  <option
                    class="option-control"
                    disabled=""
                  >
                    Gender
                  </option>
                  <option
                    class="option-control"
                  >
                    M
                  </option>
                  <option
                    class="option-control"
                  >
                    F
                  </option>
                </select>
              </div>
            </div>
            <div
              class="footer-section"
            >
              <button
                class="borderButton"
              >
                ADD
              </button>
            </div>
          </form>
        </div>
      </div>
      <div
        class="col-sm-2"
      />
    </div>
  </div>
</div>
`;
